     ██╗  ██╗ █████╗ ██████╗ ██████╗  ██████╗ ██████╗ ██╗███████╗
     ██║  ██║██╔══██╗██╔══██╗██╔══██╗██╔═══██╗██╔══██╗██║██╔════╝
     ███████║███████║██████╔╝██████╔╝██║   ██║██████╔╝██║███████╗
     ██╔══██║██╔══██║██╔══██╗██╔═══╝ ██║   ██║██╔══██╗██║╚════██║
     ██║  ██║██║  ██║██║  ██║██║     ╚██████╔╝██║  ██║██║███████║
     ╚═╝  ╚═╝╚═╝  ╚═╝╚═╝  ╚═╝╚═╝      ╚═════╝ ╚═╝  ╚═╝╚═╝╚══════╝
          git-aware secret hunter ▸ red ∙ blue ∙ purple
          v1.0.0 · proto v1 · nats://localhost:4222
